test	Run test suite	﻿2026-06-21T02:31:51.7520967Z ##[group]Run make test
test	Run test suite	2026-06-21T02:31:51.7521256Z ^[[36;1mmake test^[[0m
test	Run test suite	2026-06-21T02:31:51.7555539Z shell: /usr/bin/bash -e {0}
test	Run test suite	2026-06-21T02:31:51.7556050Z env:
test	Run test suite	2026-06-21T02:31:51.7556349Z   pythonLocation: /opt/hostedtoolcache/Python/3.12.13/x64
test	Run test suite	2026-06-21T02:31:51.7556792Z   PKG_CONFIG_PATH: /opt/hostedtoolcache/Python/3.12.13/x64/lib/pkgconfig
test	Run test suite	2026-06-21T02:31:51.7557226Z   Python_ROOT_DIR: /opt/hostedtoolcache/Python/3.12.13/x64
test	Run test suite	2026-06-21T02:31:51.7557607Z   Python2_ROOT_DIR: /opt/hostedtoolcache/Python/3.12.13/x64
test	Run test suite	2026-06-21T02:31:51.7558141Z   Python3_ROOT_DIR: /opt/hostedtoolcache/Python/3.12.13/x64
test	Run test suite	2026-06-21T02:31:51.7558522Z   LD_LIBRARY_PATH: /opt/hostedtoolcache/Python/3.12.13/x64/lib
test	Run test suite	2026-06-21T02:31:51.7558863Z ##[endgroup]
test	Run test suite	2026-06-21T02:31:51.7658240Z Running Entigram Test Suite...
test	Run test suite	2026-06-21T02:32:05.4501586Z ..........................F....................................................F....................F.....................................................
test	Run test suite	2026-06-21T02:32:05.4502881Z ======================================================================
test	Run test suite	2026-06-21T02:32:05.4503431Z FAIL: test_version_flag (test_cli_integration.TestCLIIntegration.test_version_flag)
test	Run test suite	2026-06-21T02:32:05.4504121Z ----------------------------------------------------------------------
test	Run test suite	2026-06-21T02:32:05.4504527Z Traceback (most recent call last):
test	Run test suite	2026-06-21T02:32:05.4511035Z   File "/home/runner/work/entigram/entigram/tests/test_cli_integration.py", line 53, in test_version_flag
test	Run test suite	2026-06-21T02:32:05.4511649Z     self.assertIn("etg 1.6.0", output)
test	Run test suite	2026-06-21T02:32:05.4511990Z AssertionError: 'etg 1.6.0' not found in 'etg 1.7.0\n'
test	Run test suite	2026-06-21T02:32:05.4512223Z 
test	Run test suite	2026-06-21T02:32:05.4512345Z ======================================================================
test	Run test suite	2026-06-21T02:32:05.4513048Z FAIL: test_product_surface_artifacts_exist (test_entigram_self_improvement_model.TestEntigramSelfImprovementModel.test_product_surface_artifacts_exist)
test	Run test suite	2026-06-21T02:32:05.4513750Z ----------------------------------------------------------------------
test	Run test suite	2026-06-21T02:32:05.4514104Z Traceback (most recent call last):
test	Run test suite	2026-06-21T02:32:05.4514803Z   File "/home/runner/work/entigram/entigram/tests/test_entigram_self_improvement_model.py", line 131, in test_product_surface_artifacts_exist
test	Run test suite	2026-06-21T02:32:05.4515453Z     self.assertIn('version = "1.6.0"', pyproject)
test	Run test suite	2026-06-21T02:32:05.4520504Z AssertionError: 'version = "1.6.0"' not found in '[build-system]\nrequires = ["setuptools>=61.0"]\nbuild-backend = "setuptools.build_meta"\n\n[project]\nname = "entigram-ai"\nversion = "1.7.0"\ndescription = "Schema-first semantic governance layer for enterprise agents"\nreadme = "README.md"\nrequires-python = ">=3.9"\nauthors = [\n    { name = "Entigram Authors" }\n]\nlicense = "Apache-2.0"\nclassifiers = [\n    "Programming Language :: Python :: 3",\n    "Operating System :: OS Independent",\n]\ndependencies = [\n    "pysqlite3",\n    "pyyaml",\n    "networkx",\n    "inflect<7.3.0",\n    "protobuf>=5.26.1",\n    "requests",\n    "mcp>=1.0.0",\n    "cryptography>=42.0.0"\n]\n\n[project.optional-dependencies]\nui = [\n    "streamlit>=1.35.0",\n]\n\n[project.urls]\nHomepage = "https://entigram.ai"\nSource = "https://github.com/nyabutid/entigram"\nDocumentation = "https://entigram.ai"\nTracker = "https://github.com/nyabutid/entigram/issues"\n\n[project.scripts]\netg = "entigram.cli_runner.etg_cli:main"\n\n[tool.setuptools]\ninclude-package-data = false\npackages = [\n    "entigram", \n    "entigram.cli_runner", \n    "entigram.governance", \n    "entigram.schema_compiler", \n    "entigram.ontology_compiler", \n    "entigram.sensing", \n    "entigram.sqlite_ledger", \n    "entigram.ui", \n    "entigram.templates"\n]\n\n[tool.setuptools.package-data]\nentigram = [\n    "templates/**/*.lds",\n    "templates/**/*.ttl",\n    "templates/**/*.md",\n    "templates/**/*.py",\n    "templates/**/.gitignore",\n    "ui/media/*.svg",\n]\n'
test	Run test suite	2026-06-21T02:32:05.4525164Z 
test	Run test suite	2026-06-21T02:32:05.4525293Z ======================================================================
test	Run test suite	2026-06-21T02:32:05.4526110Z FAIL: test_hydrate_command (test_hydration.TestHydration.test_hydrate_command)
test	Run test suite	2026-06-21T02:32:05.4526784Z Verifies that the hydrate command produces a valid hydration sequence.
test	Run test suite	2026-06-21T02:32:05.4527203Z ----------------------------------------------------------------------
test	Run test suite	2026-06-21T02:32:05.4527533Z Traceback (most recent call last):
test	Run test suite	2026-06-21T02:32:05.4528219Z   File "/home/runner/work/entigram/entigram/tests/test_hydration.py", line 59, in test_hydrate_command
test	Run test suite	2026-06-21T02:32:05.4528765Z     self.assertIn('"package_version": "1.6.0"', output)
test	Run test suite	2026-06-21T02:32:05.4531697Z AssertionError: '"package_version": "1.6.0"' not found in '--- ENTIGRAM HYDRATION SEQUENCE ---\n{\n  "ENTIGRAM_BOOT_VECTOR": {\n    "version": "1.7.0",\n    "package_version": "1.7.0",\n    "workspace_schema_version": 1,\n    "packages": [\n      "Banking"\n    ],\n    "physical_laws": "ENTITY: User\\n  - name (String)",\n    "commissioner": {\n      "valid": true,\n      "expectation_count": 0,\n      "items": [],\n      "missing_proof_count": 0,\n      "blocked_count": 0,\n      "evidence_ids": []\n    },\n    "semantic_alignments": [\n      {\n        "src_dom": "DomainA",\n        "tgt_dom": "DomainB",\n        "src_con": "User",\n        "tgt_con": "Account"\n      }\n    ],\n    "settled_decisions": [\n      {\n        "id": "C1",\n        "type": "Supplier",\n        "state": "active"\n      }\n    ],\n    "delivery_evidence": [],\n    "delivery_artifacts": [],\n    "improvement_proposals": [],\n    "latest_delivery_snapshot": null,\n    "current_delivery_status": null,\n    "timestamp": "2026-06-21T02:32:00.503927"\n  }\n}\n--- SEQUENCE COMPLETE ---\n'
test	Run test suite	2026-06-21T02:32:05.4534546Z 
test	Run test suite	2026-06-21T02:32:05.4534691Z ----------------------------------------------------------------------
test	Run test suite	2026-06-21T02:32:05.4535019Z Ran 154 tests in 11.259s
test	Run test suite	2026-06-21T02:32:05.4535170Z 
test	Run test suite	2026-06-21T02:32:05.4535254Z FAILED (failures=3)
test	Run test suite	2026-06-21T02:32:05.4535775Z ✅ Successfully injected Schema into Banking.db
test	Run test suite	2026-06-21T02:32:05.4536184Z ✅ Successfully injected Schema into SupplyChain.db
test	Run test suite	2026-06-21T02:32:05.4536592Z Info: CozoDB sync unavailable for 'Customer', falling back to SQL.
test	Run test suite	2026-06-21T02:32:05.4537019Z Info: CozoDB sync unavailable for 'Customer', falling back to SQL.
test	Run test suite	2026-06-21T02:32:05.4537921Z [ENTIGRAM POLICY] Auto-resolving conflict CONFLICT-DomainA-DomainB-val_x: Auto-resolved via Policy [Tier 1]: Conflict limited to low-risk text fields (value).
test	Run test suite	2026-06-21T02:32:05.4538989Z [ENTIGRAM POLICY] Auto-resolving conflict CONFLICT-DomainA-DomainB-v1: Auto-resolved via Policy [Tier 1]: Conflict limited to low-risk text fields (value).
test	Run test suite	2026-06-21T02:32:05.4539964Z [ENTIGRAM POLICY] Auto-resolving conflict CONFLICT-DomainA-DomainB-v2: Auto-resolved via Policy [Tier 1]: Conflict limited to low-risk text fields (value).
test	Run test suite	2026-06-21T02:32:05.4540953Z [ENTIGRAM POLICY] Auto-resolving conflict CONFLICT-DomainA-DomainB-balance: Auto-resolved via Policy [Tier 1]: Conflict limited to low-risk text fields (value).
test	Run test suite	2026-06-21T02:32:05.4541701Z 🔄 Syncing DomainA: setting balance = 150
test	Run test suite	2026-06-21T02:32:05.4542027Z 🔄 Syncing DomainB: setting balance = 150
test	Run test suite	2026-06-21T02:32:05.4542376Z ✅ Successfully injected Schema into TestDomain.db
test	Run test suite	2026-06-21T02:32:05.4542755Z ✅ Successfully injected Schema into TestDomain.db
test	Run test suite	2026-06-21T02:32:05.4542951Z 
test	Run test suite	2026-06-21T02:32:05.4543087Z [Entigram on Entigram] Step 1: Initializing self...
test	Run test suite	2026-06-21T02:32:05.4543438Z [Entigram on Entigram] Step 2: Injecting self-model...
test	Run test suite	2026-06-21T02:32:05.4543767Z [Entigram on Entigram] Step 3: Building models...
test	Run test suite	2026-06-21T02:32:05.4544154Z ✅ Successfully injected Schema into BusinessStrategy.db
test	Run test suite	2026-06-21T02:32:05.4544569Z ✅ Successfully injected Schema into PartnerManagement.db
test	Run test suite	2026-06-21T02:32:05.4544959Z ✅ Successfully injected Schema into SupplyChain.db
test	Run test suite	2026-06-21T02:32:05.4545345Z Info: CozoDB sync unavailable for 'Partner', falling back to SQL.
test	Run test suite	2026-06-21T02:32:05.4545760Z ✅ Successfully injected Schema into TestBanking.db
test	Run test suite	2026-06-21T02:32:05.4546115Z ✅ Successfully injected Schema into TestPF.db
test	Run test suite	2026-06-21T02:32:05.4546681Z Info: CozoDB sync unavailable for 'SpendingLimit', falling back to SQL.
test	Run test suite	2026-06-21T02:32:05.4547279Z ✅ Successfully injected Schema into TestBanking.db
test	Run test suite	2026-06-21T02:32:05.4547786Z ✅ Successfully injected Schema into TestPF.db
test	Run test suite	2026-06-21T02:32:05.4548215Z Info: CozoDB sync unavailable for 'SpendingLimit', falling back to SQL.
test	Run test suite	2026-06-21T02:32:05.4548644Z ✅ Successfully injected Schema into Banking.db
test	Run test suite	2026-06-21T02:32:05.4549018Z ✅ Successfully injected Schema into PartnerPortal.db
test	Run test suite	2026-06-21T02:32:05.4549385Z Info: CozoDB sync unavailable for 'Account', falling back to SQL.
test	Run test suite	2026-06-21T02:32:05.4549780Z ✅ Successfully injected Schema into Banking.db
test	Run test suite	2026-06-21T02:32:05.4550132Z ✅ Successfully injected Schema into PartnerPortal.db
test	Run test suite	2026-06-21T02:32:05.4550488Z Info: CozoDB sync unavailable for 'Account', falling back to SQL.
test	Run test suite	2026-06-21T02:32:05.4550893Z 🧠 Intercepting domain payload from Antigravity...
test	Run test suite	2026-06-21T02:32:05.4551215Z [ENTIGRAM] Igniting headless Antigravity engine...
test	Run test suite	2026-06-21T02:32:05.4551433Z 
test	Run test suite	2026-06-21T02:32:05.4551561Z --- INTERCEPTED PAYLOAD ---
test	Run test suite	2026-06-21T02:32:05.4551814Z ENTITY: Library
test	Run test suite	2026-06-21T02:32:05.4552011Z ATTRIBUTES:
test	Run test suite	2026-06-21T02:32:05.4552197Z   - .id (UUID)
test	Run test suite	2026-06-21T02:32:05.4552392Z   - name (String)
test	Run test suite	2026-06-21T02:32:05.4552510Z 
test	Run test suite	2026-06-21T02:32:05.4552598Z RELATIONSHIPS:
test	Run test suite	2026-06-21T02:32:05.4552844Z - Library (1) [MUST] --- [MAY] (MANY) Book
test	Run test suite	2026-06-21T02:32:05.4553200Z ---------------------------
test	Run test suite	2026-06-21T02:32:05.4553347Z 
test	Run test suite	2026-06-21T02:32:05.4553523Z ✅ Validated: 1 entities and 1 relationships found.
test	Run test suite	2026-06-21T02:32:05.4553898Z 📝 Appended to test_headless_ws/draft_schema.lds
test	Run test suite	2026-06-21T02:32:05.4554237Z 🛡️  Ontology synchronized.
test	Run test suite	2026-06-21T02:32:05.4554566Z Info: CozoDB sync unavailable for 'Inventory_Item', falling back to SQL.
test	Run test suite	2026-06-21T02:32:05.4555013Z 🚨 Inventory Strategist found 1 low stock warnings!
test	Run test suite	2026-06-21T02:32:05.4555407Z    - SKU SKU-001: Low stock detected for SKU-001: 45 < 100
test	Run test suite	2026-06-21T02:32:05.4555758Z Applying migration: V2026.01.01.0001__init.sql
test	Run test suite	2026-06-21T02:32:05.4556054Z Applying migration: V2026.01.01.0001__init.sql
test	Run test suite	2026-06-21T02:32:05.4556402Z ✅ Ingested 2 rows into TestDomain.db.vendors
test	Run test suite	2026-06-21T02:32:05.4556793Z ✅ Ingested 1 rows into TechCorp_Vendors.db.techcorp_vendors
test	Run test suite	2026-06-21T02:32:05.4557246Z ✅ Ingested 1 rows into Internal_Suppliers.db.internal_suppliers
test	Run test suite	2026-06-21T02:32:05.4557873Z ✅ Successfully injected Schema into PartnerManagement.db
test	Run test suite	2026-06-21T02:32:05.4558322Z ✅ Successfully injected Schema into StartupFounder.db
test	Run test suite	2026-06-21T02:32:05.4558718Z ✅ Successfully injected Schema into SupplyChain.db
test	Run test suite	2026-06-21T02:32:05.4559116Z Info: CozoDB sync unavailable for 'Global_Supplier', falling back to SQL.
test	Run test suite	2026-06-21T02:32:05.4559574Z 🚨 Product Cataloger found 4 catalog violations!
test	Run test suite	2026-06-21T02:32:05.4559880Z    - Widget B (prod-2): Missing SKU
test	Run test suite	2026-06-21T02:32:05.4560239Z    - Widget C (prod-3): Invalid or missing supplier association: sup-invalid
test	Run test suite	2026-06-21T02:32:05.4560717Z    - Widget D (prod-4): Invalid or missing supplier association: None
test	Run test suite	2026-06-21T02:32:05.4561146Z    - Widget E (prod-5): Duplicate SKU: SKU-001 (already used by prod-1)
test	Run test suite	2026-06-21T02:32:05.4561542Z [Research Test] Bootstrapping Business Strategy...
test	Run test suite	2026-06-21T02:32:05.4561752Z 
test	Run test suite	2026-06-21T02:32:05.4561873Z [Research Test] Bootstrapping Startup Founder...
test	Run test suite	2026-06-21T02:32:05.4562241Z ✅ Successfully injected Schema into SupplyChain.db
test	Run test suite	2026-06-21T02:32:05.4562600Z ✅ Successfully injected Schema into TechCorp.db
test	Run test suite	2026-06-21T02:32:05.4562975Z Info: CozoDB sync unavailable for 'Supplier', falling back to SQL.
test	Run test suite	2026-06-21T02:32:05.4563393Z ✅ Successfully injected Schema into SupplyChain.db
test	Run test suite	2026-06-21T02:32:05.4563747Z ✅ Successfully injected Schema into TechCorp.db
test	Run test suite	2026-06-21T02:32:05.4564100Z Info: CozoDB sync unavailable for 'Supplier', falling back to SQL.
test	Run test suite	2026-06-21T02:32:05.4564629Z ✅ Sentinel: Bypass authorized for SNTNL-CUST-001 in custom package 'MyCustomAuth'.
test	Run test suite	2026-06-21T02:32:05.4565311Z ❌ Sentinel Error: Cannot bypass vulnerabilities in standard package 'AWS'. Please update the package.
test	Run test suite	2026-06-21T02:32:05.4566086Z 🚨 Supplier Auditor found 2 credential violations!
test	Run test suite	2026-06-21T02:32:05.4566529Z    - Missing Corp (sup-2): Missing tax_id
test	Run test suite	2026-06-21T02:32:05.4566848Z    - Invalid Corp (sup-3): Invalid tax_id format: 12345678
test	Run test suite	2026-06-21T02:32:05.4567299Z 🚨 Supplier Performance Monitor found 1 underperforming suppliers!
test	Run test suite	2026-06-21T02:32:05.4567988Z    - Low Qual Co (sup-1): Underperforming supplier: Rating 2.5 is below threshold 3.0
test	Run test suite	2026-06-21T02:32:05.4568501Z 🔒 [WARDEN] Schema contracts locked via checksum integrity.
test	Run test suite	2026-06-21T02:32:05.4568925Z 🔒 [WARDEN] Schema contracts locked via checksum integrity.
test	Run test suite	2026-06-21T02:32:05.4569526Z 🚨 [SCHEMA_GUARD_HALT] Unauthorized Mutation: Agent attempted to invent attribute 'rating' for 'Supplier'.
test	Run test suite	2026-06-21T02:32:05.4570095Z 🔒 [WARDEN] Schema contracts locked via checksum integrity.
test	Run test suite	2026-06-21T02:32:05.4570565Z 🚨 [SCHEMA_GUARD_HALT] Warden Integrity Violation Detected in schema_checksum!
test	Run test suite	2026-06-21T02:32:05.4571078Z    Expected: a2985bb195850b59b9b4c03365256f52463d439df55124517d19c0b81d289c48
test	Run test suite	2026-06-21T02:32:05.4571575Z    Actual:   feee3ed0a8b62d1e52dfd24343757a07f38e29f26128e789c201fdb29263533f
test	Run test suite	2026-06-21T02:32:05.4572034Z    The model is attempting to alter the schema contracts of the system.
test	Run test suite	2026-06-21T02:32:05.4572473Z 🚨 Warehouse Auditor found 1 capacity violations!
test	Run test suite	2026-06-21T02:32:05.4572805Z    - Main Hub (wh-1): Capacity exceeded: 120 > 100
test	Run test suite	2026-06-21T02:32:05.5128098Z make: *** [Makefile:48: test] Error 1
test	Run test suite	2026-06-21T02:32:05.5145339Z ##[error]Process completed with exit code 2.
